1	2
2	3
2	4
2	8
3	4
4	5
5	6
5	8
6	7
7	8
10	12
11	20
12	19
13	17
14	16
14	21
16	17
18	20
